
Allocating common symbols
Common symbol       size              file

netbufpool          0x4               binaries/net.o
readylist           0x2               binaries/ready.o
rfltab              0x5a0             binaries/rflinit.o
sleepq              0x2               binaries/clkinit.o
nnames              0x4               binaries/naminit.o
udptab              0x168             binaries/udp.o
minheap             0x4               binaries/meminit.o
marks               0x50              binaries/mark.o
currpid             0x4               binaries/initialize.o
Lf_data             0x20c             binaries/lfsinit.o
porttab             0x2d0             binaries/ptinit.o
girmask             0x2               binaries/evec.o
ttytab              0x110             binaries/ttyinit.o
proctab             0x1900            binaries/initialize.o
prcount             0x4               binaries/initialize.o
lfltab              0xf00             binaries/lflinit.o
rdstab              0x8c              binaries/rdsinit.o
ethertab            0x138             binaries/ethinit.o
nsaddr              0x4               binaries/dns.o
NetData             0xa8              binaries/net.o
nmarks              0x4               binaries/mark.o
Defer               0x8               binaries/resched.o
semtab              0x4b0             binaries/initialize.o
maxheap             0x4               binaries/meminit.o
preempt             0x4               binaries/clkinit.o
buftab              0xf0              binaries/bufinit.o
Rf_data             0x18              binaries/rfsinit.o
mkmutex             0x4               binaries/mark.o
clktime             0x4               binaries/clkinit.o
arpcache            0x140             binaries/arp.o
icmptab             0x230             binaries/icmp.o
nbpools             0x4               binaries/bufinit.o
queuetab            0x980             binaries/queue.o
ptnextid            0x4               binaries/ptinit.o
Ram                 0x19000           binaries/raminit.o
ipoqueue            0x2c              binaries/ip.o
memlist             0x8               binaries/initialize.o
nametab             0x19a0            binaries/naminit.o
ptfree              0x4               binaries/ptinit.o

Memory Configuration

Name             Origin             Length             Attributes
*default*        0x0000000000000000 0xffffffffffffffff

Linker script and memory map

                0x0000000000100000                physbase = 0x100000
                0x0000000000100000                . = physbase
                0x0000000000100000                . = ALIGN (0x1000)

.text           0x0000000000100000    0x15000
                0x0000000000100000                text = ABSOLUTE (.)
 *(.text .text.*)
 .text          0x0000000000100000      0x1ac binaries/start.o
                0x0000000000100028                start
                0x00000000001000fa                inb
                0x0000000000100102                inw
                0x000000000010010b                inl
                0x0000000000100113                outb
                0x000000000010011d                outw
                0x0000000000100128                outl
                0x0000000000100132                _rtcin
                0x000000000010013d                ___udivsi3
                0x0000000000100148                ___divsi3
                0x0000000000100154                sbzero
                0x0000000000100164                bcopy
                0x0000000000100178                insw
                0x000000000010018e                outsw
                0x00000000001001a4                lidt
 .text          0x00000000001001ac      0x2fa binaries/ascdate.o
                0x00000000001001ac                ascdate
 *fill*         0x00000000001004a6        0x2 
 .text          0x00000000001004a8       0x10 binaries/bufinit.o
                0x00000000001004a8                bufinit
 .text          0x00000000001004b8       0x58 binaries/chprio.o
                0x00000000001004b8                chprio
 .text          0x0000000000100510       0x71 binaries/clkhandler.o
                0x0000000000100510                clkhandler
 *fill*         0x0000000000100581        0x3 
 .text          0x0000000000100584       0x76 binaries/clkinit.o
                0x0000000000100584                clkinit
 *fill*         0x00000000001005fa        0x2 
 .text          0x00000000001005fc       0x4e binaries/close.o
                0x00000000001005fc                close
 *fill*         0x000000000010064a        0x2 
 .text          0x000000000010064c        0x0 binaries/conf.o
 .text          0x000000000010064c       0x66 binaries/control.o
                0x000000000010064c                control
 *fill*         0x00000000001006b2        0x2 
 .text          0x00000000001006b4      0x1f6 binaries/create.o
                0x00000000001006b4                create
 *fill*         0x00000000001008aa        0x2 
 .text          0x00000000001008ac      0x2b4 binaries/early_imr.o
                0x00000000001008ac                intel_cln_early_sb_read_reg
                0x0000000000100913                intel_cln_early_sb_write_reg
                0x0000000000100a1e                remove_irm_protections
 .text          0x0000000000100b60      0x364 binaries/evec.o
                0x0000000000100b60                setirmask
                0x0000000000100b9e                set_evec
                0x0000000000100bfb                initevec
                0x0000000000100d0b                trap
 .text          0x0000000000100ec4       0x67 binaries/freebuf.o
                0x0000000000100ec4                freebuf
 *fill*         0x0000000000100f2b        0x1 
 .text          0x0000000000100f2c       0xec binaries/freemem.o
                0x0000000000100f2c                freemem
 .text          0x0000000000101018       0x64 binaries/getbuf.o
                0x0000000000101018                getbuf
 .text          0x000000000010107c       0x4e binaries/getc.o
                0x000000000010107c                getc
 *fill*         0x00000000001010ca        0x2 
 .text          0x00000000001010cc       0x60 binaries/getdev.o
                0x00000000001010cc                getdev
 .text          0x000000000010112c       0x83 binaries/getitem.o
                0x000000000010112c                getitem
                0x0000000000101158                getlast
                0x0000000000101186                getfirst
 *fill*         0x00000000001011af        0x1 
 .text          0x00000000001011b0       0xb0 binaries/getmem.o
                0x00000000001011b0                getmem
 .text          0x0000000000101260        0x6 binaries/getpid.o
                0x0000000000101260                getpid
 *fill*         0x0000000000101266        0x2 
 .text          0x0000000000101268       0x49 binaries/getprio.o
                0x0000000000101268                getprio
 *fill*         0x00000000001012b1        0x3 
 .text          0x00000000001012b4       0x9a binaries/getstk.o
                0x00000000001012b4                getstk
 *fill*         0x000000000010134e        0x2 
 .text          0x0000000000101350       0x34 binaries/gettime.o
                0x0000000000101350                gettime
 .text          0x0000000000101384      0x1a7 binaries/getutime.o
                0x0000000000101384                getutime
 *fill*         0x000000000010152b        0x1 
 .text          0x000000000010152c       0x4e binaries/init.o
                0x000000000010152c                init
 *fill*         0x000000000010157a        0x2 
 .text          0x000000000010157c      0x272 binaries/initialize.o
                0x000000000010157c                nulluser
                0x00000000001017a6                stop
                0x00000000001017cb                delay
 *fill*         0x00000000001017ee        0x2 
 .text          0x00000000001017f0       0x97 binaries/insert.o
                0x00000000001017f0                insert
 *fill*         0x0000000000101887        0x1 
 .text          0x0000000000101888       0xe5 binaries/insertd.o
                0x0000000000101888                insertd
 *fill*         0x000000000010196d        0x3 
 .text          0x0000000000101970        0x6 binaries/ioerr.o
                0x0000000000101970                ioerr
 *fill*         0x0000000000101976        0x2 
 .text          0x0000000000101978        0x6 binaries/ionull.o
                0x0000000000101978                ionull
 *fill*         0x000000000010197e        0x2 
 .text          0x0000000000101980      0x123 binaries/kill.o
                0x0000000000101980                kill
 *fill*         0x0000000000101aa3        0x1 
 .text          0x0000000000101aa4       0xb8 binaries/kprintf.o
                0x0000000000101aa4                kputc
                0x0000000000101ad3                console_init
                0x0000000000101b12                kgetc
                0x0000000000101b34                kprintf
 .text          0x0000000000101b5c      0x38a binaries/main.o
                0x0000000000101b5c                mysender
                0x0000000000101cdd                myreceiver
                0x0000000000101e39                main
 *fill*         0x0000000000101ee6        0x2 
 .text          0x0000000000101ee8       0x90 binaries/mark.o
                0x0000000000101ee8                markinit
                0x0000000000101f0a                mark
 .text          0x0000000000101f78      0x1ce binaries/meminit.o
                0x0000000000101f78                meminit
                0x00000000001020d0                setsegs
 *fill*         0x0000000000102146        0x2 
 .text          0x0000000000102148      0x115 binaries/mkbufpool.o
                0x0000000000102148                mkbufpool
 *fill*         0x000000000010225d        0x3 
 .text          0x0000000000102260      0x1c1 binaries/myreceive.o
                0x0000000000102260                myreceive
                0x00000000001022c2                myreceiven
                0x000000000010234c                myrecvtime
 *fill*         0x0000000000102421        0x3 
 .text          0x0000000000102424      0x2ee binaries/mysend.o
                0x0000000000102424                init_buffer
                0x000000000010243d                full
                0x000000000010244f                size
                0x0000000000102457                empty
                0x0000000000102468                push
                0x00000000001024a4                popqueue
                0x00000000001024c2                popstack
                0x00000000001024e5                mysend
                0x00000000001025b8                mysendn
 *fill*         0x0000000000102712        0x2 
 .text          0x0000000000102714       0x5e binaries/newqueue.o
                0x0000000000102714                newqueue
 *fill*         0x0000000000102772        0x2 
 .text          0x0000000000102774       0x5e binaries/open.o
                0x0000000000102774                open
 *fill*         0x00000000001027d2        0x2 
 .text          0x00000000001027d4       0x1e binaries/panic.o
                0x00000000001027d4                panic
 *fill*         0x00000000001027f2        0x2 
 .text          0x00000000001027f4      0x281 binaries/pci.o
                0x00000000001027f4                pci_init
                0x00000000001027fa                find_pci_device
                0x00000000001028c3                pci_read_config_byte
                0x00000000001028fe                pci_read_config_word
                0x000000000010293b                pci_read_config_dword
                0x0000000000102976                pci_write_config_byte
                0x00000000001029af                pci_write_config_word
                0x00000000001029e9                pci_write_config_dword
                0x0000000000102a22                pci_get_dev_mmio_base_addr
 *fill*         0x0000000000102a75        0x3 
 .text          0x0000000000102a78       0x59 binaries/platinit.o
                0x0000000000102a78                platinit
 *fill*         0x0000000000102ad1        0x3 
 .text          0x0000000000102ad4       0xa6 binaries/ptclear.o
                0x0000000000102ad4                _ptclear
 *fill*         0x0000000000102b7a        0x2 
 .text          0x0000000000102b7c       0x6e binaries/ptcount.o
                0x0000000000102b7c                ptcount
 *fill*         0x0000000000102bea        0x2 
 .text          0x0000000000102bec       0xbd binaries/ptcreate.o
                0x0000000000102bec                ptcreate
 *fill*         0x0000000000102ca9        0x3 
 .text          0x0000000000102cac       0x66 binaries/ptdelete.o
                0x0000000000102cac                ptdelete
 *fill*         0x0000000000102d12        0x2 
 .text          0x0000000000102d14       0x87 binaries/ptinit.o
                0x0000000000102d14                ptinit
 *fill*         0x0000000000102d9b        0x1 
 .text          0x0000000000102d9c       0xb5 binaries/ptrecv.o
                0x0000000000102d9c                ptrecv
 *fill*         0x0000000000102e51        0x3 
 .text          0x0000000000102e54       0x60 binaries/ptreset.o
                0x0000000000102e54                ptreset
 .text          0x0000000000102eb4       0xd0 binaries/ptsend.o
                0x0000000000102eb4                ptsend
 .text          0x0000000000102f84       0x5b binaries/putc.o
                0x0000000000102f84                putc
 *fill*         0x0000000000102fdf        0x1 
 .text          0x0000000000102fe0       0xd5 binaries/quark_irq.o
                0x0000000000102fe0                quark_irq_routing
 *fill*         0x00000000001030b5        0x3 
 .text          0x00000000001030b8      0x1d9 binaries/quark_pdat.o
                0x00000000001030b8                get_quark_pdat_entry_data_by_id
                0x000000000010319d                get_quark_pdat_entry_data_by_desc
 *fill*         0x0000000000103291        0x3 
 .text          0x0000000000103294       0xa6 binaries/queue.o
                0x0000000000103294                enqueue
                0x00000000001032f3                dequeue
 *fill*         0x000000000010333a        0x2 
 .text          0x000000000010333c       0x5e binaries/read.o
                0x000000000010333c                read
 *fill*         0x000000000010339a        0x2 
 .text          0x000000000010339c       0x63 binaries/ready.o
                0x000000000010339c                ready
 *fill*         0x00000000001033ff        0x1 
 .text          0x0000000000103400       0x48 binaries/receive.o
                0x0000000000103400                receive
 .text          0x0000000000103448       0x39 binaries/recvclr.o
                0x0000000000103448                recvclr
 *fill*         0x0000000000103481        0x3 
 .text          0x0000000000103484       0x90 binaries/recvtime.o
                0x0000000000103484                recvtime
 .text          0x0000000000103514      0x11d binaries/resched.o
                0x0000000000103514                resched
                0x00000000001035c0                resched_cntl
 *fill*         0x0000000000103631        0x3 
 .text          0x0000000000103634       0x75 binaries/resume.o
                0x0000000000103634                resume
 *fill*         0x00000000001036a9        0x3 
 .text          0x00000000001036ac       0x56 binaries/seek.o
                0x00000000001036ac                seek
 *fill*         0x0000000000103702        0x2 
 .text          0x0000000000103704       0x47 binaries/semcount.o
                0x0000000000103704                semcount
 *fill*         0x000000000010374b        0x1 
 .text          0x000000000010374c       0x8f binaries/semcreate.o
                0x000000000010374c                semcreate
 *fill*         0x00000000001037db        0x1 
 .text          0x00000000001037dc       0xa8 binaries/semdelete.o
                0x00000000001037dc                semdelete
 .text          0x0000000000103884       0x95 binaries/semreset.o
                0x0000000000103884                semreset
 *fill*         0x0000000000103919        0x3 
 .text          0x000000000010391c       0xa2 binaries/send.o
                0x000000000010391c                send
 *fill*         0x00000000001039be        0x2 
 .text          0x00000000001039c0       0x7c binaries/signal.o
                0x00000000001039c0                signal
 .text          0x0000000000103a3c       0xa8 binaries/signaln.o
                0x0000000000103a3c                signaln
 .text          0x0000000000103ae4       0xb3 binaries/sleep.o
                0x0000000000103ae4                sleepms
                0x0000000000103b65                sleep
 *fill*         0x0000000000103b97        0x1 
 .text          0x0000000000103b98      0x16d binaries/stacktrace.o
                0x0000000000103b98                stacktrace
 *fill*         0x0000000000103d05        0x3 
 .text          0x0000000000103d08       0xa0 binaries/suspend.o
                0x0000000000103d08                suspend
 .text          0x0000000000103da8       0x96 binaries/unsleep.o
                0x0000000000103da8                unsleep
 *fill*         0x0000000000103e3e        0x2 
 .text          0x0000000000103e40       0x14 binaries/userret.o
                0x0000000000103e40                userret
 .text          0x0000000000103e54       0x94 binaries/wait.o
                0x0000000000103e54                wait
 .text          0x0000000000103ee8       0x71 binaries/wakeup.o
                0x0000000000103ee8                wakeup
 *fill*         0x0000000000103f59        0x3 
 .text          0x0000000000103f5c       0x5e binaries/write.o
                0x0000000000103f5c                write
 *fill*         0x0000000000103fba        0x2 
 .text          0x0000000000103fbc       0x18 binaries/xdone.o
                0x0000000000103fbc                xdone
 .text          0x0000000000103fd4       0x22 binaries/yield.o
                0x0000000000103fd4                yield
 *fill*         0x0000000000103ff6        0x2 
 .text          0x0000000000103ff8        0xe binaries/abs.o
                0x0000000000103ff8                abs
 *fill*         0x0000000000104006        0x2 
 .text          0x0000000000104008       0x6a binaries/atoi.o
                0x0000000000104008                atoi
 *fill*         0x0000000000104072        0x2 
 .text          0x0000000000104074       0x6a binaries/atol.o
                0x0000000000104074                atol
 *fill*         0x00000000001040de        0x2 
 .text          0x00000000001040e0       0x19 binaries/bzero.o
                0x00000000001040e0                bzero
 *fill*         0x00000000001040f9        0x3 
 .text          0x00000000001040fc        0x0 binaries/ctype_.o
 .text          0x00000000001040fc      0x705 binaries/doprnt.o
                0x0000000000104232                _doprnt
 *fill*         0x0000000000104801        0x3 
 .text          0x0000000000104804      0x634 binaries/doscan.o
                0x0000000000104804                _doscan
 .text          0x0000000000104e38      0x6dd binaries/fdoprnt.o
                0x0000000000104eb2                _fdoprnt
 *fill*         0x0000000000105515        0x3 
 .text          0x0000000000105518       0x1c binaries/fgetc.o
                0x0000000000105518                fgetc
 .text          0x0000000000105534       0x5d binaries/fgets.o
                0x0000000000105534                fgets
 *fill*         0x0000000000105591        0x3 
 .text          0x0000000000105594       0x30 binaries/fprintf.o
                0x0000000000105594                fprintf
 .text          0x00000000001055c4       0x2c binaries/fputc.o
                0x00000000001055c4                fputc
 .text          0x00000000001055f0       0x37 binaries/fputs.o
                0x00000000001055f0                fputs
 *fill*         0x0000000000105627        0x1 
 .text          0x0000000000105628       0x7a binaries/fscanf.o
                0x000000000010565f                fscanf
 *fill*         0x00000000001056a2        0x2 
 .text          0x00000000001056a4       0x1e binaries/getchar.o
                0x00000000001056a4                getchar
 *fill*         0x00000000001056c2        0x2 
 .text          0x00000000001056c4        0xe binaries/labs.o
                0x00000000001056c4                labs
 *fill*         0x00000000001056d2        0x2 
 .text          0x00000000001056d4       0x32 binaries/memchr.o
                0x00000000001056d4                memchr
 *fill*         0x0000000000105706        0x2 
 .text          0x0000000000105708       0x4a binaries/memcmp.o
                0x0000000000105708                memcmp
 *fill*         0x0000000000105752        0x2 
 .text          0x0000000000105754       0x25 binaries/memcpy.o
                0x0000000000105754                memcpy
 *fill*         0x0000000000105779        0x3 
 .text          0x000000000010577c       0x1e binaries/memset.o
                0x000000000010577c                memset
 *fill*         0x000000000010579a        0x2 
 .text          0x000000000010579c       0x3c binaries/printf.o
                0x000000000010579c                printf
 .text          0x00000000001057d8       0x26 binaries/putchar.o
                0x00000000001057d8                putchar
 *fill*         0x00000000001057fe        0x2 
 .text          0x0000000000105800      0x1df binaries/qsort.o
                0x00000000001059b4                qsort
 *fill*         0x00000000001059df        0x1 
 .text          0x00000000001059e0       0x44 binaries/rand.o
                0x00000000001059e0                srand
                0x00000000001059ea                rand
 .text          0x0000000000105a24       0x51 binaries/sprintf.o
                0x0000000000105a37                sprintf
 *fill*         0x0000000000105a75        0x3 
 .text          0x0000000000105a78       0x69 binaries/sscanf.o
                0x0000000000105a9e                sscanf
 *fill*         0x0000000000105ae1        0x3 
 .text          0x0000000000105ae4       0x30 binaries/strchr.o
                0x0000000000105ae4                strchr
 .text          0x0000000000105b14       0x43 binaries/strcmp.o
                0x0000000000105b14                strcmp
 *fill*         0x0000000000105b57        0x1 
 .text          0x0000000000105b58       0x18 binaries/strcpy.o
                0x0000000000105b58                strcpy
 .text          0x0000000000105b70       0x1c binaries/strlen.o
                0x0000000000105b70                strlen
 .text          0x0000000000105b8c       0x36 binaries/strncat.o
                0x0000000000105b8c                strncat
 *fill*         0x0000000000105bc2        0x2 
 .text          0x0000000000105bc4       0x3d binaries/strncmp.o
                0x0000000000105bc4                strncmp
 *fill*         0x0000000000105c01        0x3 
 .text          0x0000000000105c04       0x56 binaries/strncpy.o
                0x0000000000105c04                strncpy
 *fill*         0x0000000000105c5a        0x2 
 .text          0x0000000000105c5c       0x2e binaries/strnlen.o
                0x0000000000105c5c                strnlen
 *fill*         0x0000000000105c8a        0x2 
 .text          0x0000000000105c8c       0x30 binaries/strrchr.o
                0x0000000000105c8c                strrchr
 .text          0x0000000000105cbc       0x64 binaries/strstr.o
                0x0000000000105cbc                strstr
 .text          0x0000000000105d20       0xb9 binaries/ttycontrol.o
                0x0000000000105d20                ttycontrol
 *fill*         0x0000000000105dd9        0x3 
 .text          0x0000000000105ddc       0x78 binaries/ttygetc.o
                0x0000000000105ddc                ttygetc
 .text          0x0000000000105e54      0x462 binaries/ttyhandle_in.o
                0x0000000000105f03                ttyhandle_in
 *fill*         0x00000000001062b6        0x2 
 .text          0x00000000001062b8      0x162 binaries/ttyhandle_out.o
                0x00000000001062b8                ttyhandle_out
 *fill*         0x000000000010641a        0x2 
 .text          0x000000000010641c       0x81 binaries/ttyhandler.o
                0x000000000010641c                ttyhandler
 *fill*         0x000000000010649d        0x3 
 .text          0x00000000001064a0      0x14b binaries/ttyinit.o
                0x00000000001064a0                ttyinit
 *fill*         0x00000000001065eb        0x1 
 .text          0x00000000001065ec        0xc binaries/ttykickout.o
                0x00000000001065ec                ttykickout
 .text          0x00000000001065f8       0x8a binaries/ttyputc.o
                0x00000000001065f8                ttyputc
 *fill*         0x0000000000106682        0x2 
 .text          0x0000000000106684       0xd3 binaries/ttyread.o
                0x0000000000106684                ttyread
 *fill*         0x0000000000106757        0x1 
 .text          0x0000000000106758       0x53 binaries/ttywrite.o
                0x0000000000106758                ttywrite
 *fill*         0x00000000001067ab        0x1 
 .text          0x00000000001067ac      0x10d binaries/mount.o
                0x00000000001067ac                namlen
                0x00000000001067e4                mount
 *fill*         0x00000000001068b9        0x3 
 .text          0x00000000001068bc      0x1ea binaries/naminit.o
                0x00000000001068bc                naminit
 *fill*         0x0000000000106aa6        0x2 
 .text          0x0000000000106aa8      0x213 binaries/nammap.o
                0x0000000000106aa8                namrepl
                0x0000000000106bcd                namcpy
                0x0000000000106c1a                nammap
 *fill*         0x0000000000106cbb        0x1 
 .text          0x0000000000106cbc       0x58 binaries/namopen.o
                0x0000000000106cbc                namopen
 .text          0x0000000000106d14       0xd0 binaries/colon2mac.o
                0x0000000000106d14                colon2mac
 .text          0x0000000000106de4       0x7b binaries/ethcontrol.o
                0x0000000000106de4                ethcontrol
 *fill*         0x0000000000106e5f        0x1 
 .text          0x0000000000106e60       0xe1 binaries/ethhandler.o
                0x0000000000106e60                ethhandler
 *fill*         0x0000000000106f41        0x3 
 .text          0x0000000000106f44      0x4c9 binaries/ethinit.o
                0x0000000000106f44                eth_phy_read
                0x0000000000106f81                eth_phy_write
                0x0000000000106fc3                eth_phy_reset
                0x00000000001070bd                ethinit
 *fill*         0x000000000010740d        0x3 
 .text          0x0000000000107410      0x11b binaries/ethmcast.o
                0x0000000000107410                ethmcast_add
                0x0000000000107463                ethmcast_remove
 *fill*         0x000000000010752b        0x1 
 .text          0x000000000010752c      0x13c binaries/ethread.o
                0x000000000010752c                ethread
 .text          0x0000000000107668       0xa3 binaries/ethwrite.o
                0x0000000000107668                ethwrite
 *fill*         0x000000000010770b        0x1 
 .text          0x000000000010770c       0x62 binaries/rdsbufalloc.o
                0x000000000010770c                rdsbufalloc
 *fill*         0x000000000010776e        0x2 
 .text          0x0000000000107770       0x7d binaries/rdsclose.o
                0x0000000000107770                rdsclose
 *fill*         0x00000000001077ed        0x3 
 .text          0x00000000001077f0      0x1fc binaries/rdscomm.o
                0x00000000001077f0                rdscomm
 .text          0x00000000001079ec      0x197 binaries/rdscontrol.o
                0x00000000001079ec                rdscontrol
 *fill*         0x0000000000107b83        0x1 
 .text          0x0000000000107b84      0x17e binaries/rdsinit.o
                0x0000000000107b84                rdsinit
 *fill*         0x0000000000107d02        0x2 
 .text          0x0000000000107d04      0x162 binaries/rdsopen.o
                0x0000000000107d04                rdsopen
 *fill*         0x0000000000107e66        0x2 
 .text          0x0000000000107e68      0x2d9 binaries/rdsprocess.o
                0x0000000000107e68                rdsprocess
 *fill*         0x0000000000108141        0x3 
 .text          0x0000000000108144      0x183 binaries/rdsread.o
                0x0000000000108144                rdsread
 *fill*         0x00000000001082c7        0x1 
 .text          0x00000000001082c8      0x141 binaries/rdswrite.o
                0x00000000001082c8                rdswrite
 *fill*         0x0000000000108409        0x3 
 .text          0x000000000010840c        0x6 binaries/ramclose.o
                0x000000000010840c                ramclose
 *fill*         0x0000000000108412        0x2 
 .text          0x0000000000108414       0x44 binaries/raminit.o
                0x0000000000108414                raminit
 .text          0x0000000000108458        0x7 binaries/ramopen.o
                0x0000000000108458                ramopen
 *fill*         0x000000000010845f        0x1 
 .text          0x0000000000108460       0x30 binaries/ramread.o
                0x0000000000108460                ramread
 .text          0x0000000000108490       0x30 binaries/ramwrite.o
                0x0000000000108490                ramwrite
 .text          0x00000000001084c0       0x91 binaries/lfdballoc.o
                0x00000000001084c0                lfdballoc
 *fill*         0x0000000000108551        0x3 
 .text          0x0000000000108554       0x5d binaries/lfdbfree.o
                0x0000000000108554                lfdbfree
 *fill*         0x00000000001085b1        0x3 
 .text          0x00000000001085b4       0xaa binaries/lfflush.o
                0x00000000001085b4                lfflush
 *fill*         0x000000000010865e        0x2 
 .text          0x0000000000108660       0x77 binaries/lfgetmode.o
                0x0000000000108660                lfgetmode
 *fill*         0x00000000001086d7        0x1 
 .text          0x00000000001086d8       0x68 binaries/lfiballoc.o
                0x00000000001086d8                lfiballoc
 .text          0x0000000000108740       0x25 binaries/lfibclear.o
                0x0000000000108740                lfibclear
 *fill*         0x0000000000108765        0x3 
 .text          0x0000000000108768       0x7a binaries/lfibget.o
                0x0000000000108768                lfibget
 *fill*         0x00000000001087e2        0x2 
 .text          0x00000000001087e4       0xa0 binaries/lfibput.o
                0x00000000001087e4                lfibput
 .text          0x0000000000108884       0x76 binaries/lflclose.o
                0x0000000000108884                lflclose
 *fill*         0x00000000001088fa        0x2 
 .text          0x00000000001088fc       0xa2 binaries/lflcontrol.o
                0x00000000001088fc                lflcontrol
 *fill*         0x000000000010899e        0x2 
 .text          0x00000000001089a0       0x9c binaries/lflgetc.o
                0x00000000001089a0                lflgetc
 .text          0x0000000000108a3c       0xb8 binaries/lflinit.o
                0x0000000000108a3c                lflinit
 .text          0x0000000000108af4       0xbc binaries/lflputc.o
                0x0000000000108af4                lflputc
 .text          0x0000000000108bb0       0x6a binaries/lflread.o
                0x0000000000108bb0                lflread
 *fill*         0x0000000000108c1a        0x2 
 .text          0x0000000000108c1c       0x82 binaries/lflseek.o
                0x0000000000108c1c                lflseek
 *fill*         0x0000000000108c9e        0x2 
 .text          0x0000000000108ca0       0x4f binaries/lflwrite.o
                0x0000000000108ca0                lflwrite
 *fill*         0x0000000000108cef        0x1 
 .text          0x0000000000108cf0      0x129 binaries/lfsckfmt.o
                0x0000000000108cf0                lfsckfmt
 *fill*         0x0000000000108e19        0x3 
 .text          0x0000000000108e1c      0x1c9 binaries/lfscreate.o
                0x0000000000108e1c                lfscreate
 *fill*         0x0000000000108fe5        0x3 
 .text          0x0000000000108fe8      0x1ad binaries/lfsetup.o
                0x0000000000108fe8                lfsetup
 *fill*         0x0000000000109195        0x3 
 .text          0x0000000000109198       0x51 binaries/lfsinit.o
                0x0000000000109198                lfsinit
 *fill*         0x00000000001091e9        0x3 
 .text          0x00000000001091ec      0x2b2 binaries/lfsopen.o
                0x00000000001091ec                lfsopen
 *fill*         0x000000000010949e        0x2 
 .text          0x00000000001094a0      0x11c binaries/lftruncate.o
                0x00000000001094a0                lftruncate
 .text          0x00000000001095bc       0x5a binaries/rflclose.o
                0x00000000001095bc                rflclose
 *fill*         0x0000000000109616        0x2 
 .text          0x0000000000109618       0x34 binaries/rflgetc.o
                0x0000000000109618                rflgetc
 .text          0x000000000010964c       0x4b binaries/rflinit.o
                0x000000000010964c                rflinit
 *fill*         0x0000000000109697        0x1 
 .text          0x0000000000109698       0x3a binaries/rflputc.o
                0x0000000000109698                rflputc
 *fill*         0x00000000001096d2        0x2 
 .text          0x00000000001096d4      0x294 binaries/rflread.o
                0x00000000001096d4                rflread
 .text          0x0000000000109968       0x60 binaries/rflseek.o
                0x0000000000109968                rflseek
 .text          0x00000000001099c8      0x2b5 binaries/rflwrite.o
                0x00000000001099c8                rflwrite
 *fill*         0x0000000000109c7d        0x3 
 .text          0x0000000000109c80      0x17b binaries/rfscomm.o
                0x0000000000109c80                rfscomm
 *fill*         0x0000000000109dfb        0x1 
 .text          0x0000000000109dfc      0x254 binaries/rfscontrol.o
                0x0000000000109dfc                rfscontrol
 .text          0x000000000010a050       0x77 binaries/rfsgetmode.o
                0x000000000010a050                rfsgetmode
 *fill*         0x000000000010a0c7        0x1 
 .text          0x000000000010a0c8       0x76 binaries/rfsinit.o
                0x000000000010a0c8                rfsinit
 *fill*         0x000000000010a13e        0x2 
 .text          0x000000000010a140       0xbe binaries/rfsndmsg.o
                0x000000000010a140                rfsndmsg
 *fill*         0x000000000010a1fe        0x2 
 .text          0x000000000010a200      0x233 binaries/rfsopen.o
                0x000000000010a200                rfsopen
 *fill*         0x000000000010a433        0x1 
 .text          0x000000000010a434      0x664 binaries/arp.o
                0x000000000010a434                arp_init
                0x000000000010a44c                arp_alloc
                0x000000000010a4f7                arp_ntoh
                0x000000000010a569                arp_hton
                0x000000000010a5db                arp_in
                0x000000000010a813                arp_resolve
 .text          0x000000000010aa98      0x627 binaries/dhcp.o
                0x000000000010aa98                dhcp_get_opt_val
                0x000000000010aae1                dhcp_bld_bootp_msg
                0x000000000010abe2                dhcp_bld_disc
                0x000000000010ac34                dhcp_bld_req
                0x000000000010acd2                getlocalip
 *fill*         0x000000000010b0bf        0x1 
 .text          0x000000000010b0c0      0x40e binaries/dns.o
                0x000000000010b0c0                dns_bldq
                0x000000000010b156                dns_getrname
                0x000000000010b200                dns_geta
                0x000000000010b339                dns_qa
 *fill*         0x000000000010b4ce        0x2 
 .text          0x000000000010b4d0       0xdf binaries/dot2ip.o
                0x000000000010b4d0                dot2ip
 *fill*         0x000000000010b5af        0x1 
 .text          0x000000000010b5b0      0x35d binaries/hexdump.o
                0x000000000010b5b0                hexdump
                0x000000000010b6da                hexadump
 *fill*         0x000000000010b90d        0x3 
 .text          0x000000000010b910      0x60b binaries/icmp.o
                0x000000000010b910                icmp_init
                0x000000000010b928                icmp_register
                0x000000000010b9e7                icmp_recv
                0x000000000010bb42                icmp_mkpkt
                0x000000000010bc17                icmp_send
                0x000000000010bc93                icmp_in
                0x000000000010bdd4                icmp_release
                0x000000000010be8e                icmp_cksum
                0x000000000010bef3                icmp_hton
                0x000000000010bf07                icmp_ntoh
 *fill*         0x000000000010bf1b        0x1 
 .text          0x000000000010bf1c      0x57a binaries/ip.o
                0x000000000010bf1c                ip_local
                0x000000000010bf50                ipcksum
                0x000000000010bf9e                ip_ntoh
                0x000000000010c010                ip_in
                0x000000000010c108                ip_hton
                0x000000000010c17a                ip_out
                0x000000000010c234                ip_send
                0x000000000010c32f                ipout
                0x000000000010c40a                ip_enqueue
 *fill*         0x000000000010c496        0x2 
 .text          0x000000000010c498      0x1d3 binaries/net.o
                0x000000000010c498                net_init
                0x000000000010c5d3                eth_hton
                0x000000000010c5dd                eth_ntoh
                0x000000000010c5e7                netin
 *fill*         0x000000000010c66b        0x1 
 .text          0x000000000010c66c       0xd0 binaries/netstart.o
                0x000000000010c66c                netstart
 .text          0x000000000010c73c      0xb5f binaries/pdump.o
                0x000000000010c73c                pdump
                0x000000000010cdaf                pdumph
 *fill*         0x000000000010d29b        0x1 
 .text          0x000000000010d29c      0x5e0 binaries/tftp.o
                0x000000000010d29c                tftp_send1
                0x000000000010d3cf                tftpget_mb
                0x000000000010d83f                tftpget
 .text          0x000000000010d87c      0x7e9 binaries/udp.o
                0x000000000010d87c                udp_init
                0x000000000010d8b9                udp_in
                0x000000000010d97f                udp_register
                0x000000000010da75                udp_recv
                0x000000000010db90                udp_recvaddr
                0x000000000010dcc2                udp_send
                0x000000000010de38                udp_sendto
                0x000000000010df83                udp_release
                0x000000000010e03d                udp_ntoh
                0x000000000010e051                udp_hton
 *fill*         0x000000000010e065        0x3 
 .text          0x000000000010e068       0xf6 binaries/addargs.o
                0x000000000010e068                addargs
 *fill*         0x000000000010e15e        0x2 
 .text          0x000000000010e160      0x1c4 binaries/lexan.o
                0x000000000010e160                lexan
 .text          0x000000000010e324      0x63e binaries/shell.o
                0x000000000010e324                shell
 *fill*         0x000000000010e962        0x2 
 .text          0x000000000010e964       0x5b binaries/xsh_argecho.o
                0x000000000010e964                xsh_argecho
 *fill*         0x000000000010e9bf        0x1 
 .text          0x000000000010e9c0      0x1e0 binaries/xsh_arp.o
                0x000000000010e9c0                xsh_arp
 .text          0x000000000010eba0      0x1e8 binaries/xsh_cat.o
                0x000000000010eba0                xsh_cat
 .text          0x000000000010ed88       0x4f binaries/xsh_clear.o
                0x000000000010ed88                xsh_clear
 *fill*         0x000000000010edd7        0x1 
 .text          0x000000000010edd8      0x28f binaries/xsh_date.o
                0x000000000010edd8                xsh_date
 *fill*         0x000000000010f067        0x1 
 .text          0x000000000010f068       0x92 binaries/xsh_devdump.o
                0x000000000010f068                xsh_devdump
 *fill*         0x000000000010f0fa        0x2 
 .text          0x000000000010f0fc       0x60 binaries/xsh_echo.o
                0x000000000010f0fc                xsh_echo
 .text          0x000000000010f15c        0x6 binaries/xsh_exit.o
                0x000000000010f15c                xsh_exit
 *fill*         0x000000000010f162        0x2 
 .text          0x000000000010f164      0x31d binaries/xsh_help.o
                0x000000000010f164                xsh_help
 *fill*         0x000000000010f481        0x3 
 .text          0x000000000010f484      0x409 binaries/xsh_ipaddr.o
                0x000000000010f484                xsh_ipaddr
 *fill*         0x000000000010f88d        0x3 
 .text          0x000000000010f890      0x1c9 binaries/xsh_kill.o
                0x000000000010f890                xsh_kill
 *fill*         0x000000000010fa59        0x3 
 .text          0x000000000010fa5c      0x3cf binaries/xsh_memdump.o
                0x000000000010fb20                xsh_memdump
 *fill*         0x000000000010fe2b        0x1 
 .text          0x000000000010fe2c      0x1ea binaries/xsh_memstat.o
                0x000000000010fe2c                xsh_memstat
 *fill*         0x0000000000110016        0x2 
 .text          0x0000000000110018      0x383 binaries/xsh_ping.o
                0x0000000000110018                xsh_ping
 *fill*         0x000000000011039b        0x1 
 .text          0x000000000011039c      0x1f4 binaries/xsh_ps.o
                0x000000000011039c                xsh_ps
 .text          0x0000000000110590      0x1b8 binaries/xsh_sleep.o
                0x0000000000110590                xsh_sleep
 .text          0x0000000000110748      0x232 binaries/xsh_udpdump.o
                0x0000000000110748                xsh_udpdump
 *fill*         0x000000000011097a        0x2 
 .text          0x000000000011097c      0x3ec binaries/xsh_udpecho.o
                0x000000000011097c                xsh_udpecho
 .text          0x0000000000110d68      0x254 binaries/xsh_udpeserver.o
                0x0000000000110d68                xsh_udpeserver
 .text          0x0000000000110fbc      0x1b4 binaries/xsh_uptime.o
                0x0000000000110fbc                xsh_uptime
 .text          0x0000000000111170        0xe binaries/clkdisp.o
                0x0000000000111170                clkdisp
 *fill*         0x000000000011117e        0x2 
 .text          0x0000000000111180       0x19 binaries/ctxsw.o
                0x0000000000111180                ctxsw
 *fill*         0x0000000000111199        0x3 
 .text          0x000000000011119c      0x36b binaries/intr.o
                0x000000000011119c                disable
                0x00000000001111a5                restore
                0x00000000001111b3                enable
                0x00000000001111b5                pause
                0x00000000001111bc                halt
                0x00000000001111c2                spurious_irq7
                0x00000000001111c7                spurious_irq15
                0x00000000001111d6                _Xint0
                0x00000000001111e1                _Xint1
                0x00000000001111ec                _Xint2
                0x00000000001111f7                _Xint3
                0x0000000000111202                _Xint4
                0x000000000011120d                _Xint5
                0x0000000000111218                _Xint6
                0x0000000000111223                _Xint7
                0x000000000011122e                _Xint8
                0x0000000000111239                _Xint9
                0x0000000000111244                _Xint10
                0x000000000011124f                _Xint11
                0x000000000011125d                _Xint12
                0x000000000011126b                _Xint13
                0x0000000000111279                _Xint14
                0x0000000000111287                _Xint15
                0x0000000000111295                _Xint16
                0x00000000001112a3                _Xint17
                0x00000000001112b1                _Xint18
                0x00000000001112bf                _Xint19
                0x00000000001112cd                _Xint20
                0x00000000001112db                _Xint21
                0x00000000001112e9                _Xint22
                0x00000000001112f7                _Xint23
                0x0000000000111305                _Xint24
                0x0000000000111313                _Xint25
                0x0000000000111321                _Xint26
                0x000000000011132f                _Xint27
                0x000000000011133d                _Xint28
                0x000000000011134b                _Xint29
                0x0000000000111359                _Xint30
                0x0000000000111367                _Xint31
                0x0000000000111375                _Xint32
                0x0000000000111383                _Xint33
                0x0000000000111391                _Xint34
                0x000000000011139f                _Xint35
                0x00000000001113ad                _Xint36
                0x00000000001113bb                _Xint37
                0x00000000001113c9                _Xint38
                0x00000000001113d7                _Xint39
                0x00000000001113e5                _Xint40
                0x00000000001113f3                _Xint41
                0x0000000000111401                _Xint42
                0x000000000011140f                _Xint43
                0x000000000011141d                _Xint44
                0x000000000011142b                _Xint45
                0x0000000000111439                _Xint46
                0x0000000000111447                defevec
 *fill*         0x0000000000111507        0x1 
 .text          0x0000000000111508        0xf binaries/ttydispatch.o
                0x0000000000111508                ttydispatch
 *fill*         0x0000000000111517        0x1 
 .text          0x0000000000111518       0x13 binaries/ethdispatch.o
                0x0000000000111518                ethdispatch
 *(.rodata .rodata.*)
 .rodata.str1.1
                0x000000000011152b       0x54 binaries/ascdate.o
 *fill*         0x000000000011157f        0x1 
 .rodata.str1.4
                0x0000000000111580       0x22 binaries/ascdate.o
 .rodata.str1.1
                0x00000000001115a2       0x5f binaries/conf.o
 *fill*         0x0000000000111601        0x3 
 .rodata.str1.4
                0x0000000000111604       0x4f binaries/early_imr.o
 .rodata        0x0000000000111653       0x30 binaries/early_imr.o
 .rodata.str1.1
                0x0000000000111683      0x20c binaries/evec.o
 *fill*         0x000000000011188f        0x1 
 .rodata.str1.4
                0x0000000000111890       0x23 binaries/evec.o
 .rodata.str1.1
                0x00000000001118b3        0xb binaries/getutime.o
 *fill*         0x00000000001118be        0x2 
 .rodata.str1.4
                0x00000000001118c0       0x54 binaries/getutime.o
 .rodata.str1.1
                0x0000000000111914       0x63 binaries/initialize.o
                                         0x67 (size before relaxing)
 *fill*         0x0000000000111977        0x1 
 .rodata.str1.4
                0x0000000000111978       0xd0 binaries/initialize.o
 .rodata        0x0000000000111a48       0x20 binaries/kill.o
 .rodata.str1.1
                0x0000000000111a68       0x80 binaries/main.o
 .rodata.str1.4
                0x0000000000111ae8      0x1b6 binaries/main.o
 *fill*         0x0000000000111c9e        0x2 
 .rodata.str1.4
                0x0000000000111ca0       0x23 binaries/meminit.o
 .rodata.str1.1
                0x0000000000111cc3       0x1b binaries/meminit.o
 .rodata.str1.1
                0x0000000000111cde        0xf binaries/panic.o
 .rodata.str1.1
                0x0000000000111ced       0x1c binaries/ptinit.o
 *fill*         0x0000000000111d09        0x3 
 .rodata.str1.4
                0x0000000000111d0c       0x25 binaries/ptsend.o
 .rodata.str1.1
                0x0000000000111d31       0x22 binaries/quark_pdat.o
 *fill*         0x0000000000111d53        0x1 
 .rodata.str1.4
                0x0000000000111d54       0x63 binaries/stacktrace.o
 .rodata.str1.1
                0x0000000000111db7       0x52 binaries/stacktrace.o
 *fill*         0x0000000000111e09        0x3 
 .rodata.str1.4
                0x0000000000111e0c       0x27 binaries/xdone.o
 *fill*         0x0000000000111e33        0xd 
 .rodata        0x0000000000111e40       0x81 binaries/ctype_.o
                0x0000000000111e40                _ctype_
 .rodata.str1.1
                0x0000000000111ec1       0x29 binaries/doprnt.o
 *fill*         0x0000000000111eea        0x2 
 .rodata        0x0000000000111eec       0xc4 binaries/doprnt.o
 .rodata        0x0000000000111fb0       0x98 binaries/doscan.o
 .rodata.str1.1
                0x0000000000000000       0x29 binaries/fdoprnt.o
 .rodata        0x0000000000112048       0x84 binaries/fdoprnt.o
 .rodata        0x00000000001120cc       0x20 binaries/ttycontrol.o
 .rodata.str1.4
                0x00000000001120ec       0x4c binaries/naminit.o
 .rodata.str1.1
                0x0000000000112138       0x32 binaries/naminit.o
                                         0x35 (size before relaxing)
 .rodata.str1.1
                0x000000000011216a       0x15 binaries/ethinit.o
 *fill*         0x000000000011217f        0x1 
 .rodata.str1.4
                0x0000000000112180       0x2e binaries/ethinit.o
 *fill*         0x00000000001121ae        0x2 
 .rodata.str1.4
                0x00000000001121b0       0x2c binaries/rdsbufalloc.o
 .rodata.str1.4
                0x00000000001121dc       0x76 binaries/rdscomm.o
 *fill*         0x0000000000112252        0x2 
 .rodata.str1.4
                0x0000000000112254       0x48 binaries/rdscontrol.o
 .rodata.str1.4
                0x000000000011229c       0x7e binaries/rdsinit.o
 .rodata.str1.1
                0x000000000011231a       0x18 binaries/rdsinit.o
 *fill*         0x0000000000112332        0x2 
 .rodata.str1.4
                0x0000000000112334       0x22 binaries/rdsopen.o
 *fill*         0x0000000000112356        0x2 
 .rodata.str1.4
                0x0000000000112358       0x4d binaries/rdsprocess.o
 .rodata.str1.1
                0x00000000001123a5        0x9 binaries/raminit.o
 .rodata.str1.1
                0x00000000001123ae       0x13 binaries/lfdballoc.o
 *fill*         0x00000000001123c1        0x3 
 .rodata.str1.4
                0x00000000001123c4       0x23 binaries/lfdballoc.o
 .rodata.str1.1
                0x00000000001123e7       0x14 binaries/lfiballoc.o
 *fill*         0x00000000001123fb        0x1 
 .rodata.str1.4
                0x00000000001123fc       0x23 binaries/lflcontrol.o
 .rodata.str1.1
                0x000000000011241f       0x64 binaries/lfsckfmt.o
 *fill*         0x0000000000112483        0x1 
 .rodata.str1.4
                0x0000000000112484       0x51 binaries/lfsckfmt.o
 *fill*         0x00000000001124d5        0x3 
 .rodata.str1.4
                0x00000000001124d8       0x21 binaries/rflread.o
 .rodata.str1.4
                0x0000000000000000       0x21 binaries/rflwrite.o
 *fill*         0x00000000001124f9        0x3 
 .rodata.str1.4
                0x00000000001124fc       0x75 binaries/rfscomm.o
 *fill*         0x0000000000112571        0x3 
 .rodata.str1.4
                0x0000000000112574       0x23 binaries/rfscontrol.o
 *fill*         0x0000000000112597        0x1 
 .rodata        0x0000000000112598       0x18 binaries/rfscontrol.o
 .rodata.str1.1
                0x0000000000000000       0x10 binaries/rfsinit.o
 .rodata.str1.4
                0x00000000001125b0       0x57 binaries/rfsinit.o
 *fill*         0x0000000000112607        0x1 
 .rodata.str1.4
                0x0000000000112608       0x2a binaries/rfsndmsg.o
 .rodata.str1.4
                0x0000000000000000       0x22 binaries/rfsopen.o
 .rodata.str1.1
                0x0000000000112632       0x19 binaries/arp.o
 *fill*         0x000000000011264b        0x1 
 .rodata.str1.4
                0x000000000011264c       0x21 binaries/arp.o
 *fill*         0x000000000011266d        0x3 
 .rodata.str1.4
                0x0000000000112670       0xa6 binaries/dhcp.o
 .rodata.str1.1
                0x0000000000112716       0x4a binaries/dhcp.o
 .rodata.str1.1
                0x0000000000112760       0x5a binaries/hexdump.o
                                         0x61 (size before relaxing)
 *fill*         0x00000000001127ba        0x2 
 .rodata.str1.4
                0x00000000001127bc       0x67 binaries/hexdump.o
 *fill*         0x0000000000112823        0x1 
 .rodata.str1.4
                0x0000000000112824       0x29 binaries/icmp.o
 .rodata.str1.1
                0x000000000011284d       0x4e binaries/ip.o
 *fill*         0x000000000011289b        0x1 
 .rodata.str1.4
                0x000000000011289c       0x20 binaries/ip.o
 .rodata.str1.4
                0x00000000001128bc       0x28 binaries/net.o
 .rodata.str1.1
                0x00000000001128e4       0x27 binaries/net.o
 *fill*         0x000000000011290b        0x1 
 .rodata.str1.4
                0x000000000011290c       0xcf binaries/netstart.o
 .rodata.str1.1
                0x00000000001129db      0x141 binaries/pdump.o
                                        0x14b (size before relaxing)
 .rodata.str1.4
                0x0000000000112b1c      0x126 binaries/pdump.o
 *fill*         0x0000000000112c42        0x2 
 .rodata.str1.4
                0x0000000000112c44      0x148 binaries/tftp.o
 .rodata.str1.1
                0x0000000000112d8c        0x6 binaries/tftp.o
                                          0xa (size before relaxing)
 .rodata.str1.1
                0x0000000000112d92       0xe3 binaries/shell.o
                                         0xff (size before relaxing)
 *fill*         0x0000000000112e75        0x3 
 .rodata.str1.4
                0x0000000000112e78      0x1c4 binaries/shell.o
 *fill*         0x000000000011303c        0x4 
 .rodata        0x0000000000113040       0xfc binaries/shell.o
                0x0000000000113040                cmdtab
 .rodata.str1.1
                0x000000000011313c       0x26 binaries/xsh_argecho.o
                                         0x28 (size before relaxing)
 .rodata.str1.1
                0x0000000000113162       0x70 binaries/xsh_arp.o
                                         0x72 (size before relaxing)
 *fill*         0x00000000001131d2        0x2 
 .rodata.str1.4
                0x00000000001131d4       0xb4 binaries/xsh_arp.o
 .rodata.str1.1
                0x0000000000113288       0x2d binaries/xsh_cat.o
                                         0x4f (size before relaxing)
 *fill*         0x00000000001132b5        0x3 
 .rodata.str1.4
                0x00000000001132b8       0x52 binaries/xsh_cat.o
                                         0x79 (size before relaxing)
 .rodata.str1.1
                0x000000000011330a       0x15 binaries/xsh_clear.o
 .rodata.str1.1
                0x000000000011331f       0x46 binaries/xsh_date.o
                                         0x5f (size before relaxing)
 *fill*         0x0000000000113365        0x3 
 .rodata.str1.4
                0x0000000000113368      0x163 binaries/xsh_date.o
 .rodata.str1.1
                0x00000000001134cb       0x5d binaries/xsh_devdump.o
 .rodata.str1.1
                0x0000000000113528        0x4 binaries/xsh_echo.o
                                          0x9 (size before relaxing)
 .rodata.str1.1
                0x000000000011352c       0x65 binaries/xsh_help.o
                                         0xa3 (size before relaxing)
 *fill*         0x0000000000113591        0x3 
 .rodata.str1.4
                0x0000000000113594       0x7c binaries/xsh_help.o
                                         0xc6 (size before relaxing)
 .rodata.str1.1
                0x0000000000113610       0x9c binaries/xsh_ipaddr.o
                                         0xf8 (size before relaxing)
 .rodata.str1.4
                0x00000000001136ac       0x4d binaries/xsh_ipaddr.o
                                         0x99 (size before relaxing)
 .rodata.str1.1
                0x00000000001136f9       0x78 binaries/xsh_kill.o
                                         0x97 (size before relaxing)
 *fill*         0x0000000000113771        0x3 
 .rodata.str1.4
                0x0000000000113774       0x4a binaries/xsh_kill.o
                                         0x96 (size before relaxing)
 .rodata.str1.1
                0x00000000001137be       0x84 binaries/xsh_memdump.o
                                         0xa8 (size before relaxing)
 *fill*         0x0000000000113842        0x2 
 .rodata.str1.4
                0x0000000000113844      0x15a binaries/xsh_memdump.o
                                        0x1aa (size before relaxing)
 .rodata.str1.1
                0x000000000011399e       0x40 binaries/xsh_memstat.o
                                         0x79 (size before relaxing)
 *fill*         0x00000000001139de        0x2 
 .rodata.str1.4
                0x00000000001139e0      0x187 binaries/xsh_memstat.o
                                        0x1af (size before relaxing)
 .rodata.str1.1
                0x0000000000113b67       0xbc binaries/xsh_ping.o
                                         0xdb (size before relaxing)
 *fill*         0x0000000000113c23        0x1 
 .rodata.str1.4
                0x0000000000113c24       0x77 binaries/xsh_ping.o
                                         0xc6 (size before relaxing)
 .rodata.str1.1
                0x0000000000113c9b       0x74 binaries/xsh_ps.o
                                         0xd5 (size before relaxing)
 *fill*         0x0000000000113d0f        0x1 
 .rodata.str1.4
                0x0000000000113d10       0x80 binaries/xsh_ps.o
                                         0xd0 (size before relaxing)
 *fill*         0x0000000000113d90       0x10 
 .rodata        0x0000000000113da0       0x20 binaries/xsh_ps.o
 .rodata.str1.1
                0x0000000000113dc0       0x31 binaries/xsh_sleep.o
                                         0x72 (size before relaxing)
 *fill*         0x0000000000113df1        0x3 
 .rodata.str1.4
                0x0000000000113df4       0x2a binaries/xsh_sleep.o
                                         0x7a (size before relaxing)
 .rodata.str1.1
                0x0000000000113e1e       0x6b binaries/xsh_udpdump.o
                                         0xd2 (size before relaxing)
 *fill*         0x0000000000113e89        0x3 
 .rodata.str1.4
                0x0000000000113e8c       0x94 binaries/xsh_udpdump.o
                                         0xe4 (size before relaxing)
 .rodata.str1.1
                0x0000000000113f20       0xdb binaries/xsh_udpecho.o
                                         0xfa (size before relaxing)
 *fill*         0x0000000000113ffb        0x1 
 .rodata.str1.4
                0x0000000000113ffc       0xc7 binaries/xsh_udpecho.o
                                        0x116 (size before relaxing)
 .rodata.str1.1
                0x00000000001140c3       0x66 binaries/xsh_udpeserver.o
                                         0x8f (size before relaxing)
 *fill*         0x0000000000114129        0x3 
 .rodata.str1.4
                0x000000000011412c       0x29 binaries/xsh_udpeserver.o
                                         0x9f (size before relaxing)
 .rodata.str1.1
                0x0000000000114155       0x49 binaries/xsh_uptime.o
                                         0x8c (size before relaxing)
 *fill*         0x000000000011419e        0x2 
 .rodata.str1.4
                0x00000000001141a0       0x28 binaries/xsh_uptime.o
                                         0x76 (size before relaxing)
                0x00000000001141c8                etext = ABSOLUTE (.)
                0x0000000000115000                . = ALIGN (0x1000)
 *fill*         0x00000000001141c8      0xe38 

.eh_frame       0x0000000000115000     0x3428
 .eh_frame      0x0000000000115000       0x58 binaries/ascdate.o
 .eh_frame      0x0000000000115058       0x14 binaries/bufinit.o
                                         0x2c (size before relaxing)
 .eh_frame      0x000000000011506c       0x34 binaries/chprio.o
                                         0x4c (size before relaxing)
 .eh_frame      0x00000000001150a0       0x18 binaries/clkhandler.o
                                         0x30 (size before relaxing)
 .eh_frame      0x00000000001150b8       0x18 binaries/clkinit.o
                                         0x30 (size before relaxing)
 .eh_frame      0x00000000001150d0       0x2c binaries/close.o
                                         0x44 (size before relaxing)
 .eh_frame      0x00000000001150fc       0x2c binaries/control.o
                                         0x44 (size before relaxing)
 .eh_frame      0x0000000000115128       0x40 binaries/create.o
                                         0x58 (size before relaxing)
 .eh_frame      0x0000000000115168       0x98 binaries/early_imr.o
                                         0xb0 (size before relaxing)
 .eh_frame      0x0000000000115200       0x94 binaries/evec.o
                                         0xac (size before relaxing)
 .eh_frame      0x0000000000115294       0x2c binaries/freebuf.o
                                         0x44 (size before relaxing)
 .eh_frame      0x00000000001152c0       0x3c binaries/freemem.o
                                         0x54 (size before relaxing)
 .eh_frame      0x00000000001152fc       0x3c binaries/getbuf.o
                                         0x54 (size before relaxing)
 .eh_frame      0x0000000000115338       0x2c binaries/getc.o
                                         0x44 (size before relaxing)
 .eh_frame      0x0000000000115364       0x3c binaries/getdev.o
                                         0x54 (size before relaxing)
 .eh_frame      0x00000000001153a0       0x4c binaries/getitem.o
                                         0x64 (size before relaxing)
 .eh_frame      0x00000000001153ec       0x2c binaries/getmem.o
                                         0x44 (size before relaxing)
 .eh_frame      0x0000000000115418       0x14 binaries/getpid.o
                                         0x2c (size before relaxing)
 .eh_frame      0x000000000011542c       0x24 binaries/getprio.o
                                         0x3c (size before relaxing)
 .eh_frame      0x0000000000115450       0x3c binaries/getstk.o
                                         0x54 (size before relaxing)
 .eh_frame      0x000000000011548c       0x18 binaries/gettime.o
                                         0x30 (size before relaxing)
 .eh_frame      0x00000000001154a4       0x24 binaries/getutime.o
                                         0x3c (size before relaxing)
 .eh_frame      0x00000000001154c8       0x2c binaries/init.o
                                         0x44 (size before relaxing)
 .eh_frame      0x00000000001154f4       0x48 binaries/initialize.o
                                         0x60 (size before relaxing)
 .eh_frame      0x000000000011553c       0x24 binaries/insert.o
                                         0x3c (size before relaxing)
 .eh_frame      0x0000000000115560       0x38 binaries/insertd.o
                                         0x50 (size before relaxing)
 .eh_frame      0x0000000000115598       0x14 binaries/ioerr.o
                                         0x2c (size before relaxing)
 .eh_frame      0x00000000001155ac       0x14 binaries/ionull.o
                                         0x2c (size before relaxing)
 .eh_frame      0x00000000001155c0       0x40 binaries/kill.o
                                         0x58 (size before relaxing)
 .eh_frame      0x0000000000115600       0x58 binaries/kprintf.o
                                         0x70 (size before relaxing)
 .eh_frame      0x0000000000115658       0x88 binaries/main.o
                                         0xa0 (size before relaxing)
 .eh_frame      0x00000000001156e0       0x3c binaries/mark.o
                                         0x54 (size before relaxing)
 .eh_frame      0x000000000011571c       0x58 binaries/meminit.o
                                         0x70 (size before relaxing)
 .eh_frame      0x0000000000115774       0x40 binaries/mkbufpool.o
                                         0x58 (size before relaxing)
 .eh_frame      0x00000000001157b4       0xac binaries/myreceive.o
                                         0xc4 (size before relaxing)
 .eh_frame      0x0000000000115860      0x11c binaries/mysend.o
                                        0x134 (size before relaxing)
 .eh_frame      0x000000000011597c       0x14 binaries/newqueue.o
                                         0x2c (size before relaxing)
 .eh_frame      0x0000000000115990       0x2c binaries/open.o
                                         0x44 (size before relaxing)
 .eh_frame      0x00000000001159bc       0x14 binaries/panic.o
                                         0x2c (size before relaxing)
 .eh_frame      0x00000000001159d0       0xe0 binaries/pci.o
                                         0xf8 (size before relaxing)
 .eh_frame      0x0000000000115ab0       0x18 binaries/platinit.o
                                         0x30 (size before relaxing)
 .eh_frame      0x0000000000115ac8       0x3c binaries/ptclear.o
                                         0x54 (size before relaxing)
 .eh_frame      0x0000000000115b04       0x34 binaries/ptcount.o
                                         0x4c (size before relaxing)
 .eh_frame      0x0000000000115b38       0x3c binaries/ptcreate.o
                                         0x54 (size before relaxing)
 .eh_frame      0x0000000000115b74       0x2c binaries/ptdelete.o
                                         0x44 (size before relaxing)
 .eh_frame      0x0000000000115ba0       0x24 binaries/ptinit.o
                                         0x3c (size before relaxing)
 .eh_frame      0x0000000000115bc4       0x3c binaries/ptrecv.o
                                         0x54 (size before relaxing)
 .eh_frame      0x0000000000115c00       0x2c binaries/ptreset.o
                                         0x44 (size before relaxing)
 .eh_frame      0x0000000000115c2c       0x34 binaries/ptsend.o
                                         0x4c (size before relaxing)
 .eh_frame      0x0000000000115c60       0x34 binaries/putc.o
                                         0x4c (size before relaxing)
 .eh_frame      0x0000000000115c94       0x24 binaries/quark_irq.o
                                         0x3c (size before relaxing)
 .eh_frame      0x0000000000115cb8       0x60 binaries/quark_pdat.o
                                         0x78 (size before relaxing)
 .eh_frame      0x0000000000115d18       0x2c binaries/queue.o
                                         0x44 (size before relaxing)
 .eh_frame      0x0000000000115d44       0x2c binaries/read.o
                                         0x44 (size before relaxing)
 .eh_frame      0x0000000000115d70       0x18 binaries/ready.o
                                         0x30 (size before relaxing)
 .eh_frame      0x0000000000115d88       0x34 binaries/receive.o
                                         0x4c (size before relaxing)
 .eh_frame      0x0000000000115dbc       0x20 binaries/recvclr.o
                                         0x38 (size before relaxing)
 .eh_frame      0x0000000000115ddc       0x3c binaries/recvtime.o
                                         0x54 (size before relaxing)
 .eh_frame      0x0000000000115e18       0x4c binaries/resched.o
                                         0x64 (size before relaxing)
 .eh_frame      0x0000000000115e64       0x34 binaries/resume.o
                                         0x4c (size before relaxing)
 .eh_frame      0x0000000000115e98       0x2c binaries/seek.o
                                         0x44 (size before relaxing)
 .eh_frame      0x0000000000115ec4       0x24 binaries/semcount.o
                                         0x3c (size before relaxing)
 .eh_frame      0x0000000000115ee8       0x3c binaries/semcreate.o
                                         0x54 (size before relaxing)
 .eh_frame      0x0000000000115f24       0x2c binaries/semdelete.o
                                         0x44 (size before relaxing)
 .eh_frame      0x0000000000115f50       0x3c binaries/semreset.o
                                         0x54 (size before relaxing)
 .eh_frame      0x0000000000115f8c       0x2c binaries/send.o
                                         0x44 (size before relaxing)
 .eh_frame      0x0000000000115fb8       0x2c binaries/signal.o
                                         0x44 (size before relaxing)
 .eh_frame      0x0000000000115fe4       0x34 binaries/signaln.o
                                         0x4c (size before relaxing)
 .eh_frame      0x0000000000116018       0x44 binaries/sleep.o
                                         0x5c (size before relaxing)
 .eh_frame      0x000000000011605c       0x40 binaries/stacktrace.o
                                         0x58 (size before relaxing)
 .eh_frame      0x000000000011609c       0x3c binaries/suspend.o
                                         0x54 (size before relaxing)
 .eh_frame      0x00000000001160d8       0x2c binaries/unsleep.o
                                         0x44 (size before relaxing)
 .eh_frame      0x0000000000116104       0x18 binaries/userret.o
                                         0x30 (size before relaxing)
 .eh_frame      0x000000000011611c       0x2c binaries/wait.o
                                         0x44 (size before relaxing)
 .eh_frame      0x0000000000116148       0x18 binaries/wakeup.o
                                         0x30 (size before relaxing)
 .eh_frame      0x0000000000116160       0x2c binaries/write.o
                                         0x44 (size before relaxing)
 .eh_frame      0x000000000011618c       0x18 binaries/xdone.o
                                         0x30 (size before relaxing)
 .eh_frame      0x00000000001161a4       0x20 binaries/yield.o
                                         0x38 (size before relaxing)
 .eh_frame      0x00000000001161c4       0x14 binaries/abs.o
                                         0x2c (size before relaxing)
 .eh_frame      0x00000000001161d8       0x24 binaries/atoi.o
                                         0x3c (size before relaxing)
 .eh_frame      0x00000000001161fc       0x24 binaries/atol.o
                                         0x3c (size before relaxing)
 .eh_frame      0x0000000000116220       0x14 binaries/bzero.o
                                         0x2c (size before relaxing)
 .eh_frame      0x0000000000116234       0xd4 binaries/doprnt.o
                                         0xec (size before relaxing)
 .eh_frame      0x0000000000116308       0x40 binaries/doscan.o
                                         0x58 (size before relaxing)
 .eh_frame      0x0000000000116348       0x7c binaries/fdoprnt.o
                                         0x94 (size before relaxing)
 .eh_frame      0x00000000001163c4       0x18 binaries/fgetc.o
                                         0x30 (size before relaxing)
 .eh_frame      0x00000000001163dc       0x3c binaries/fgets.o
                                         0x54 (size before relaxing)
 .eh_frame      0x0000000000116418       0x18 binaries/fprintf.o
                                         0x30 (size before relaxing)
 .eh_frame      0x0000000000116430       0x20 binaries/fputc.o
                                         0x38 (size before relaxing)
 .eh_frame      0x0000000000116450       0x2c binaries/fputs.o
                                         0x44 (size before relaxing)
 .eh_frame      0x000000000011647c       0x4c binaries/fscanf.o
                                         0x64 (size before relaxing)
 .eh_frame      0x00000000001164c8       0x18 binaries/getchar.o
                                         0x30 (size before relaxing)
 .eh_frame      0x00000000001164e0       0x14 binaries/labs.o
                                         0x2c (size before relaxing)
 .eh_frame      0x00000000001164f4       0x14 binaries/memchr.o
                                         0x2c (size before relaxing)
 .eh_frame      0x0000000000116508       0x24 binaries/memcmp.o
                                         0x3c (size before relaxing)
 .eh_frame      0x000000000011652c       0x24 binaries/memcpy.o
                                         0x3c (size before relaxing)
 .eh_frame      0x0000000000116550       0x1c binaries/memset.o
                                         0x34 (size before relaxing)
 .eh_frame      0x000000000011656c       0x18 binaries/printf.o
                                         0x30 (size before relaxing)
 .eh_frame      0x0000000000116584       0x18 binaries/putchar.o
                                         0x30 (size before relaxing)
 .eh_frame      0x000000000011659c       0xa8 binaries/qsort.o
                                         0xc0 (size before relaxing)
 .eh_frame      0x0000000000116644       0x28 binaries/rand.o
                                         0x40 (size before relaxing)
 .eh_frame      0x000000000011666c       0x34 binaries/sprintf.o
                                         0x4c (size before relaxing)
 .eh_frame      0x00000000001166a0       0x40 binaries/sscanf.o
                                         0x58 (size before relaxing)
 .eh_frame      0x00000000001166e0       0x14 binaries/strchr.o
                                         0x2c (size before relaxing)
 .eh_frame      0x00000000001166f4       0x1c binaries/strcmp.o
                                         0x34 (size before relaxing)
 .eh_frame      0x0000000000116710       0x14 binaries/strcpy.o
                                         0x2c (size before relaxing)
 .eh_frame      0x0000000000116724       0x14 binaries/strlen.o
                                         0x2c (size before relaxing)
 .eh_frame      0x0000000000116738       0x24 binaries/strncat.o
                                         0x3c (size before relaxing)
 .eh_frame      0x000000000011675c       0x24 binaries/strncmp.o
                                         0x3c (size before relaxing)
 .eh_frame      0x0000000000116780       0x30 binaries/strncpy.o
                                         0x48 (size before relaxing)
 .eh_frame      0x00000000001167b0       0x14 binaries/strnlen.o
                                         0x2c (size before relaxing)
 .eh_frame      0x00000000001167c4       0x1c binaries/strrchr.o
                                         0x34 (size before relaxing)
 .eh_frame      0x00000000001167e0       0x38 binaries/strstr.o
                                         0x50 (size before relaxing)
 .eh_frame      0x0000000000116818       0x2c binaries/ttycontrol.o
                                         0x44 (size before relaxing)
 .eh_frame      0x0000000000116844       0x2c binaries/ttygetc.o
                                         0x44 (size before relaxing)
 .eh_frame      0x0000000000116870       0x90 binaries/ttyhandle_in.o
                                         0xa8 (size before relaxing)
 .eh_frame      0x0000000000116900       0x40 binaries/ttyhandle_out.o
                                         0x58 (size before relaxing)
 .eh_frame      0x0000000000116940       0x2c binaries/ttyhandler.o
                                         0x44 (size before relaxing)
 .eh_frame      0x000000000011696c       0x2c binaries/ttyinit.o
                                         0x44 (size before relaxing)
 .eh_frame      0x0000000000116998       0x14 binaries/ttykickout.o
                                         0x2c (size before relaxing)
 .eh_frame      0x00000000001169ac       0x34 binaries/ttyputc.o
                                         0x4c (size before relaxing)
 .eh_frame      0x00000000001169e0       0x3c binaries/ttyread.o
                                         0x54 (size before relaxing)
 .eh_frame      0x0000000000116a1c       0x34 binaries/ttywrite.o
                                         0x4c (size before relaxing)
 .eh_frame      0x0000000000116a50       0x50 binaries/mount.o
                                         0x68 (size before relaxing)
 .eh_frame      0x0000000000116aa0       0x40 binaries/naminit.o
                                         0x58 (size before relaxing)
 .eh_frame      0x0000000000116ae0       0xa4 binaries/nammap.o
                                         0xbc (size before relaxing)
 .eh_frame      0x0000000000116b84       0x1c binaries/namopen.o
                                         0x34 (size before relaxing)
 .eh_frame      0x0000000000116ba0       0x3c binaries/colon2mac.o
                                         0x54 (size before relaxing)
 .eh_frame      0x0000000000116bdc       0x18 binaries/ethcontrol.o
                                         0x30 (size before relaxing)
 .eh_frame      0x0000000000116bf4       0x34 binaries/ethhandler.o
                                         0x4c (size before relaxing)
 .eh_frame      0x0000000000116c28       0x94 binaries/ethinit.o
                                         0xac (size before relaxing)
 .eh_frame      0x0000000000116cbc       0x68 binaries/ethmcast.o
                                         0x80 (size before relaxing)
 .eh_frame      0x0000000000116d24       0x40 binaries/ethread.o
                                         0x58 (size before relaxing)
 .eh_frame      0x0000000000116d64       0x3c binaries/ethwrite.o
                                         0x54 (size before relaxing)
 .eh_frame      0x0000000000116da0       0x24 binaries/rdsbufalloc.o
                                         0x3c (size before relaxing)
 .eh_frame      0x0000000000116dc4       0x30 binaries/rdsclose.o
                                         0x48 (size before relaxing)
 .eh_frame      0x0000000000116df4       0x40 binaries/rdscomm.o
                                         0x58 (size before relaxing)
 .eh_frame      0x0000000000116e34       0x2c binaries/rdscontrol.o
                                         0x44 (size before relaxing)
 .eh_frame      0x0000000000116e60       0x40 binaries/rdsinit.o
                                         0x58 (size before relaxing)
[...]
 .comment       0x0000000000000000       0x2e binaries/net.o
 .comment       0x0000000000000000       0x2e binaries/netstart.o
 .comment       0x0000000000000000       0x2e binaries/pdump.o
 .comment       0x0000000000000000       0x2e binaries/tftp.o
 .comment       0x0000000000000000       0x2e binaries/udp.o
 .comment       0x0000000000000000       0x2e binaries/addargs.o
 .comment       0x0000000000000000       0x2e binaries/lexan.o
 .comment       0x0000000000000000       0x2e binaries/shell.o
 .comment       0x0000000000000000       0x2e binaries/xsh_argecho.o
 .comment       0x0000000000000000       0x2e binaries/xsh_arp.o
 .comment       0x0000000000000000       0x2e binaries/xsh_cat.o
 .comment       0x0000000000000000       0x2e binaries/xsh_clear.o
 .comment       0x0000000000000000       0x2e binaries/xsh_date.o
 .comment       0x0000000000000000       0x2e binaries/xsh_devdump.o
 .comment       0x0000000000000000       0x2e binaries/xsh_echo.o
 .comment       0x0000000000000000       0x2e binaries/xsh_exit.o
 .comment       0x0000000000000000       0x2e binaries/xsh_help.o
 .comment       0x0000000000000000       0x2e binaries/xsh_ipaddr.o
 .comment       0x0000000000000000       0x2e binaries/xsh_kill.o
 .comment       0x0000000000000000       0x2e binaries/xsh_memdump.o
 .comment       0x0000000000000000       0x2e binaries/xsh_memstat.o
 .comment       0x0000000000000000       0x2e binaries/xsh_ping.o
 .comment       0x0000000000000000       0x2e binaries/xsh_ps.o
 .comment       0x0000000000000000       0x2e binaries/xsh_sleep.o
 .comment       0x0000000000000000       0x2e binaries/xsh_udpdump.o
 .comment       0x0000000000000000       0x2e binaries/xsh_udpecho.o
 .comment       0x0000000000000000       0x2e binaries/xsh_udpeserver.o
 .comment       0x0000000000000000       0x2e binaries/xsh_uptime.o

.note.GNU-stack
                0x0000000000000000        0x0
 .note.GNU-stack
                0x0000000000000000        0x0 binaries/ascdate.o
 .note.GNU-stack
                0x0000000000000000        0x0 binaries/bufinit.o
 .note.GNU-stack
                0x0000000000000000        0x0 binaries/chprio.o
 .note.GNU-stack
                0x0000000000000000        0x0 binaries/clkhandler.o
 .note.GNU-stack
                0x0000000000000000        0x0 binaries/clkinit.o
 .note.GNU-stack
                0x0000000000000000        0x0 binaries/close.o
 .note.GNU-stack
                0x0000000000000000        0x0 binaries/conf.o
 .note.GNU-stack
                0x0000000000000000        0x0 binaries/control.o
 .note.GNU-stack
                0x0000000000000000        0x0 binaries/create.o
 .note.GNU-stack
                0x0000000000000000        0x0 binaries/early_imr.o
 .note.GNU-stack
                0x0000000000000000        0x0 binaries/evec.o
 .note.GNU-stack
                0x0000000000000000        0x0 binaries/freebuf.o
 .note.GNU-stack
                0x0000000000000000        0x0 binaries/freemem.o
 .note.GNU-stack
                0x0000000000000000        0x0 binaries/getbuf.o
 .note.GNU-stack
                0x0000000000000000        0x0 binaries/getc.o
 .note.GNU-stack
                0x0000000000000000        0x0 binaries/getdev.o
 .note.GNU-stack
                0x0000000000000000        0x0 binaries/getitem.o
 .note.GNU-stack
                0x0000000000000000        0x0 binaries/getmem.o
 .note.GNU-stack
                0x0000000000000000        0x0 binaries/getpid.o
 .note.GNU-stack
                0x0000000000000000        0x0 binaries/getprio.o
 .note.GNU-stack
                0x0000000000000000        0x0 binaries/getstk.o
 .note.GNU-stack
                0x0000000000000000        0x0 binaries/gettime.o
 .note.GNU-stack
                0x0000000000000000        0x0 binaries/getutime.o
 .note.GNU-stack
                0x0000000000000000        0x0 binaries/init.o
 .note.GNU-stack
                0x0000000000000000        0x0 binaries/initialize.o
 .note.GNU-stack
                0x0000000000000000        0x0 binaries/insert.o
 .note.GNU-stack
                0x0000000000000000        0x0 binaries/insertd.o
 .note.GNU-stack
                0x0000000000000000        0x0 binaries/ioerr.o
 .note.GNU-stack
                0x0000000000000000        0x0 binaries/ionull.o
 .note.GNU-stack
                0x0000000000000000        0x0 binaries/kill.o
 .note.GNU-stack
                0x0000000000000000        0x0 binaries/kprintf.o
 .note.GNU-stack
                0x0000000000000000        0x0 binaries/main.o
 .note.GNU-stack
                0x0000000000000000        0x0 binaries/mark.o
 .note.GNU-stack
                0x0000000000000000        0x0 binaries/meminit.o
 .note.GNU-stack
                0x0000000000000000        0x0 binaries/mkbufpool.o
 .note.GNU-stack
                0x0000000000000000        0x0 binaries/myreceive.o
 .note.GNU-stack
                0x0000000000000000        0x0 binaries/mysend.o
 .note.GNU-stack
                0x0000000000000000        0x0 binaries/newqueue.o
 .note.GNU-stack
                0x0000000000000000        0x0 binaries/open.o
 .note.GNU-stack
                0x0000000000000000        0x0 binaries/panic.o
 .note.GNU-stack
                0x0000000000000000        0x0 binaries/pci.o
 .note.GNU-stack
                0x0000000000000000        0x0 binaries/platinit.o
 .note.GNU-stack
                0x0000000000000000        0x0 binaries/ptclear.o
 .note.GNU-stack
                0x0000000000000000        0x0 binaries/ptcount.o
 .note.GNU-stack
                0x0000000000000000        0x0 binaries/ptcreate.o
 .note.GNU-stack
                0x0000000000000000        0x0 binaries/ptdelete.o
 .note.GNU-stack
                0x0000000000000000        0x0 binaries/ptinit.o
 .note.GNU-stack
                0x0000000000000000        0x0 binaries/ptrecv.o
 .note.GNU-stack
                0x0000000000000000        0x0 binaries/ptreset.o
 .note.GNU-stack
                0x0000000000000000        0x0 binaries/ptsend.o
 .note.GNU-stack
                0x0000000000000000        0x0 binaries/putc.o
 .note.GNU-stack
                0x0000000000000000        0x0 binaries/quark_irq.o
 .note.GNU-stack
                0x0000000000000000        0x0 binaries/quark_pdat.o
 .note.GNU-stack
                0x0000000000000000        0x0 binaries/queue.o
 .note.GNU-stack
                0x0000000000000000        0x0 binaries/read.o
 .note.GNU-stack
                0x0000000000000000        0x0 binaries/ready.o
 .note.GNU-stack
                0x0000000000000000        0x0 binaries/receive.o
 .note.GNU-stack
                0x0000000000000000        0x0 binaries/recvclr.o
 .note.GNU-stack
                0x0000000000000000        0x0 binaries/recvtime.o
 .note.GNU-stack
                0x0000000000000000        0x0 binaries/resched.o
 .note.GNU-stack
                0x0000000000000000        0x0 binaries/resume.o
 .note.GNU-stack
                0x0000000000000000        0x0 binaries/seek.o
 .note.GNU-stack
                0x0000000000000000        0x0 binaries/semcount.o
 .note.GNU-stack
                0x0000000000000000        0x0 binaries/semcreate.o
 .note.GNU-stack
                0x0000000000000000        0x0 binaries/semdelete.o
 .note.GNU-stack
                0x0000000000000000        0x0 binaries/semreset.o
 .note.GNU-stack
                0x0000000000000000        0x0 binaries/send.o
 .note.GNU-stack
                0x0000000000000000        0x0 binaries/signal.o
 .note.GNU-stack
                0x0000000000000000        0x0 binaries/signaln.o
 .note.GNU-stack
                0x0000000000000000        0x0 binaries/sleep.o
 .note.GNU-stack
                0x0000000000000000        0x0 binaries/stacktrace.o
 .note.GNU-stack
                0x0000000000000000        0x0 binaries/suspend.o
 .note.GNU-stack
                0x0000000000000000        0x0 binaries/unsleep.o
 .note.GNU-stack
                0x0000000000000000        0x0 binaries/userret.o
 .note.GNU-stack
                0x0000000000000000        0x0 binaries/wait.o
 .note.GNU-stack
                0x0000000000000000        0x0 binaries/wakeup.o
 .note.GNU-stack
                0x0000000000000000        0x0 binaries/write.o
 .note.GNU-stack
                0x0000000000000000        0x0 binaries/xdone.o
 .note.GNU-stack
                0x0000000000000000        0x0 binaries/yield.o
 .note.GNU-stack
                0x0000000000000000        0x0 binaries/abs.o
 .note.GNU-stack
                0x0000000000000000        0x0 binaries/atoi.o
 .note.GNU-stack
                0x0000000000000000        0x0 binaries/atol.o
 .note.GNU-stack
                0x0000000000000000        0x0 binaries/bzero.o
 .note.GNU-stack
                0x0000000000000000        0x0 binaries/ctype_.o
 .note.GNU-stack
                0x0000000000000000        0x0 binaries/doprnt.o
 .note.GNU-stack
                0x0000000000000000        0x0 binaries/doscan.o
 .note.GNU-stack
                0x0000000000000000        0x0 binaries/fdoprnt.o
 .note.GNU-stack
                0x0000000000000000        0x0 binaries/fgetc.o
 .note.GNU-stack
                0x0000000000000000        0x0 binaries/fgets.o
 .note.GNU-stack
                0x0000000000000000        0x0 binaries/fprintf.o
 .note.GNU-stack
                0x0000000000000000        0x0 binaries/fputc.o
 .note.GNU-stack
                0x0000000000000000        0x0 binaries/fputs.o
 .note.GNU-stack
                0x0000000000000000        0x0 binaries/fscanf.o
 .note.GNU-stack
                0x0000000000000000        0x0 binaries/getchar.o
 .note.GNU-stack
                0x0000000000000000        0x0 binaries/labs.o
 .note.GNU-stack
                0x0000000000000000        0x0 binaries/memchr.o
 .note.GNU-stack
                0x0000000000000000        0x0 binaries/memcmp.o
 .note.GNU-stack
                0x0000000000000000        0x0 binaries/memcpy.o
 .note.GNU-stack
                0x0000000000000000        0x0 binaries/memset.o
 .note.GNU-stack
                0x0000000000000000        0x0 binaries/printf.o
 .note.GNU-stack
                0x0000000000000000        0x0 binaries/putchar.o
 .note.GNU-stack
                0x0000000000000000        0x0 binaries/qsort.o
 .note.GNU-stack
                0x0000000000000000        0x0 binaries/rand.o
 .note.GNU-stack
                0x0000000000000000        0x0 binaries/sprintf.o
 .note.GNU-stack
                0x0000000000000000        0x0 binaries/sscanf.o
 .note.GNU-stack
                0x0000000000000000        0x0 binaries/strchr.o
 .note.GNU-stack
                0x0000000000000000        0x0 binaries/strcmp.o
 .note.GNU-stack
                0x0000000000000000        0x0 binaries/strcpy.o
 .note.GNU-stack
                0x0000000000000000        0x0 binaries/strlen.o
 .note.GNU-stack
                0x0000000000000000        0x0 binaries/strncat.o
 .note.GNU-stack
                0x0000000000000000        0x0 binaries/strncmp.o
 .note.GNU-stack
                0x0000000000000000        0x0 binaries/strncpy.o
 .note.GNU-stack
                0x0000000000000000        0x0 binaries/strnlen.o
 .note.GNU-stack
                0x0000000000000000        0x0 binaries/strrchr.o
 .note.GNU-stack
                0x0000000000000000        0x0 binaries/strstr.o
 .note.GNU-stack
                0x0000000000000000        0x0 binaries/ttycontrol.o
 .note.GNU-stack
                0x0000000000000000        0x0 binaries/ttygetc.o
 .note.GNU-stack
                0x0000000000000000        0x0 binaries/ttyhandle_in.o
 .note.GNU-stack
                0x0000000000000000        0x0 binaries/ttyhandle_out.o
 .note.GNU-stack
                0x0000000000000000        0x0 binaries/ttyhandler.o
 .note.GNU-stack
                0x0000000000000000        0x0 binaries/ttyinit.o
 .note.GNU-stack
                0x0000000000000000        0x0 binaries/ttykickout.o
 .note.GNU-stack
                0x0000000000000000        0x0 binaries/ttyputc.o
 .note.GNU-stack
                0x0000000000000000        0x0 binaries/ttyread.o
 .note.GNU-stack
                0x0000000000000000        0x0 binaries/ttywrite.o
 .note.GNU-stack
                0x0000000000000000        0x0 binaries/mount.o
 .note.GNU-stack
                0x0000000000000000        0x0 binaries/naminit.o
 .note.GNU-stack
                0x0000000000000000        0x0 binaries/nammap.o
 .note.GNU-stack
                0x0000000000000000        0x0 binaries/namopen.o
 .note.GNU-stack
                0x0000000000000000        0x0 binaries/colon2mac.o
 .note.GNU-stack
                0x0000000000000000        0x0 binaries/ethcontrol.o
 .note.GNU-stack
                0x0000000000000000        0x0 binaries/ethhandler.o
 .note.GNU-stack
                0x0000000000000000        0x0 binaries/ethinit.o
 .note.GNU-stack
                0x0000000000000000        0x0 binaries/ethmcast.o
 .note.GNU-stack
                0x0000000000000000        0x0 binaries/ethread.o
 .note.GNU-stack
                0x0000000000000000        0x0 binaries/ethwrite.o
 .note.GNU-stack
                0x0000000000000000        0x0 binaries/rdsbufalloc.o
 .note.GNU-stack
                0x0000000000000000        0x0 binaries/rdsclose.o
 .note.GNU-stack
                0x0000000000000000        0x0 binaries/rdscomm.o
 .note.GNU-stack
                0x0000000000000000        0x0 binaries/rdscontrol.o
 .note.GNU-stack
                0x0000000000000000        0x0 binaries/rdsinit.o
 .note.GNU-stack
                0x0000000000000000        0x0 binaries/rdsopen.o
 .note.GNU-stack
                0x0000000000000000        0x0 binaries/rdsprocess.o
 .note.GNU-stack
                0x0000000000000000        0x0 binaries/rdsread.o
 .note.GNU-stack
                0x0000000000000000        0x0 binaries/rdswrite.o
 .note.GNU-stack
                0x0000000000000000        0x0 binaries/ramclose.o
 .note.GNU-stack
                0x0000000000000000        0x0 binaries/raminit.o
 .note.GNU-stack
                0x0000000000000000        0x0 binaries/ramopen.o
 .note.GNU-stack
                0x0000000000000000        0x0 binaries/ramread.o
 .note.GNU-stack
                0x0000000000000000        0x0 binaries/ramwrite.o
 .note.GNU-stack
                0x0000000000000000        0x0 binaries/lfdballoc.o
 .note.GNU-stack
                0x0000000000000000        0x0 binaries/lfdbfree.o
 .note.GNU-stack
                0x0000000000000000        0x0 binaries/lfflush.o
 .note.GNU-stack
                0x0000000000000000        0x0 binaries/lfgetmode.o
 .note.GNU-stack
                0x0000000000000000        0x0 binaries/lfiballoc.o
 .note.GNU-stack
                0x0000000000000000        0x0 binaries/lfibclear.o
 .note.GNU-stack
                0x0000000000000000        0x0 binaries/lfibget.o
 .note.GNU-stack
                0x0000000000000000        0x0 binaries/lfibput.o
 .note.GNU-stack
                0x0000000000000000        0x0 binaries/lflclose.o
 .note.GNU-stack
                0x0000000000000000        0x0 binaries/lflcontrol.o
 .note.GNU-stack
                0x0000000000000000        0x0 binaries/lflgetc.o
 .note.GNU-stack
                0x0000000000000000        0x0 binaries/lflinit.o
 .note.GNU-stack
                0x0000000000000000        0x0 binaries/lflputc.o
 .note.GNU-stack
                0x0000000000000000        0x0 binaries/lflread.o
 .note.GNU-stack
                0x0000000000000000        0x0 binaries/lflseek.o
 .note.GNU-stack
                0x0000000000000000        0x0 binaries/lflwrite.o
 .note.GNU-stack
                0x0000000000000000        0x0 binaries/lfsckfmt.o
 .note.GNU-stack
                0x0000000000000000        0x0 binaries/lfscreate.o
 .note.GNU-stack
                0x0000000000000000        0x0 binaries/lfsetup.o
 .note.GNU-stack
                0x0000000000000000        0x0 binaries/lfsinit.o
 .note.GNU-stack
                0x0000000000000000        0x0 binaries/lfsopen.o
 .note.GNU-stack
                0x0000000000000000        0x0 binaries/lftruncate.o
 .note.GNU-stack
                0x0000000000000000        0x0 binaries/rflclose.o
 .note.GNU-stack
                0x0000000000000000        0x0 binaries/rflgetc.o
 .note.GNU-stack
                0x0000000000000000        0x0 binaries/rflinit.o
 .note.GNU-stack
                0x0000000000000000        0x0 binaries/rflputc.o
 .note.GNU-stack
                0x0000000000000000        0x0 binaries/rflread.o
 .note.GNU-stack
                0x0000000000000000        0x0 binaries/rflseek.o
 .note.GNU-stack
                0x0000000000000000        0x0 binaries/rflwrite.o
 .note.GNU-stack
                0x0000000000000000        0x0 binaries/rfscomm.o
 .note.GNU-stack
                0x0000000000000000        0x0 binaries/rfscontrol.o
 .note.GNU-stack
                0x0000000000000000        0x0 binaries/rfsgetmode.o
 .note.GNU-stack
                0x0000000000000000        0x0 binaries/rfsinit.o
 .note.GNU-stack
                0x0000000000000000        0x0 binaries/rfsndmsg.o
 .note.GNU-stack
                0x0000000000000000        0x0 binaries/rfsopen.o
 .note.GNU-stack
                0x0000000000000000        0x0 binaries/arp.o
 .note.GNU-stack
                0x0000000000000000        0x0 binaries/dhcp.o
 .note.GNU-stack
                0x0000000000000000        0x0 binaries/dns.o
 .note.GNU-stack
                0x0000000000000000        0x0 binaries/dot2ip.o
 .note.GNU-stack
                0x0000000000000000        0x0 binaries/hexdump.o
 .note.GNU-stack
                0x0000000000000000        0x0 binaries/icmp.o
 .note.GNU-stack
                0x0000000000000000        0x0 binaries/ip.o
 .note.GNU-stack
                0x0000000000000000        0x0 binaries/net.o
 .note.GNU-stack
                0x0000000000000000        0x0 binaries/netstart.o
 .note.GNU-stack
                0x0000000000000000        0x0 binaries/pdump.o
 .note.GNU-stack
                0x0000000000000000        0x0 binaries/tftp.o
 .note.GNU-stack
                0x0000000000000000        0x0 binaries/udp.o
 .note.GNU-stack
                0x0000000000000000        0x0 binaries/addargs.o
 .note.GNU-stack
                0x0000000000000000        0x0 binaries/lexan.o
 .note.GNU-stack
                0x0000000000000000        0x0 binaries/shell.o
 .note.GNU-stack
                0x0000000000000000        0x0 binaries/xsh_argecho.o
 .note.GNU-stack
                0x0000000000000000        0x0 binaries/xsh_arp.o
 .note.GNU-stack
                0x0000000000000000        0x0 binaries/xsh_cat.o
 .note.GNU-stack
                0x0000000000000000        0x0 binaries/xsh_clear.o
 .note.GNU-stack
                0x0000000000000000        0x0 binaries/xsh_date.o
 .note.GNU-stack
                0x0000000000000000        0x0 binaries/xsh_devdump.o
 .note.GNU-stack
                0x0000000000000000        0x0 binaries/xsh_echo.o
 .note.GNU-stack
                0x0000000000000000        0x0 binaries/xsh_exit.o
 .note.GNU-stack
                0x0000000000000000        0x0 binaries/xsh_help.o
 .note.GNU-stack
                0x0000000000000000        0x0 binaries/xsh_ipaddr.o
 .note.GNU-stack
                0x0000000000000000        0x0 binaries/xsh_kill.o
 .note.GNU-stack
                0x0000000000000000        0x0 binaries/xsh_memdump.o
 .note.GNU-stack
                0x0000000000000000        0x0 binaries/xsh_memstat.o
 .note.GNU-stack
                0x0000000000000000        0x0 binaries/xsh_ping.o
 .note.GNU-stack
                0x0000000000000000        0x0 binaries/xsh_ps.o
 .note.GNU-stack
                0x0000000000000000        0x0 binaries/xsh_sleep.o
 .note.GNU-stack
                0x0000000000000000        0x0 binaries/xsh_udpdump.o
 .note.GNU-stack
                0x0000000000000000        0x0 binaries/xsh_udpecho.o
 .note.GNU-stack
                0x0000000000000000        0x0 binaries/xsh_udpeserver.o
 .note.GNU-stack
                0x0000000000000000        0x0 binaries/xsh_uptime.o
